Microchip MPLAB XC8 Compiler V2.32

Linker command line:

-W-3 --edf=C:\Program Files\Microchip\xc8\v2.32\pic\dat\en_msgs.txt -cn \
  -h+dist/default/production\FINALPROJECT.X.production.sym \
  --cmf=dist/default/production\FINALPROJECT.X.production.cmf -z -Q18F4520 \
  -oC:\Users\floyd\AppData\Local\Temp\xcAs8j0.4 --defsym=__MPLAB_BUILD=1 \
  -Mdist/default/production/FINALPROJECT.X.production.map -E1 \
  -ver=XC8 Compiler --acfsm=1493 -ASTACK=080h-05FFh -pstack=STACK \
  -ACODE=00h-07FFFh -ACONST=00h-07FFFh -ASMALLCONST=0600h-06FFhx122 \
  -AMEDIUMCONST=0600h-07FFFh -ACOMRAM=01h-07Fh -AABS1=00h-05FFh \
  -ABIGRAM=01h-05FFh -ARAM=080h-0FFh,0100h-01FFhx5 -ABANK0=080h-0FFh \
  -ABANK1=0100h-01FFh -ABANK2=0200h-02FFh -ABANK3=0300h-03FFh \
  -ABANK4=0400h-04FFh -ABANK5=0500h-05FFh -ASFR=0F80h-0FFFh \
  -ACONFIG=0300000h-030000Dh -AIDLOC=0200000h-0200007h \
  -AEEDATA=0F00000h-0F000FFh -peeprom_data=EEDATA \
  -preset_vec=00h,intcode,intcodelo,powerup,init -pramtop=0600h \
  -psmallconst=SMALLCONST -pmediumconst=MEDIUMCONST -pconst=CONST \
  -AFARRAM=00h-00h \
  -prdata=COMRAM,nvrram=COMRAM,nvbit=COMRAM,rbss=COMRAM,rbit=COMRAM \
  -pfarbss=FARRAM,fardata=FARRAM,nvFARRAM=FARRAM \
  -pintsave_regs=BIGRAM,bigbss=BIGRAM,bigdata=BIGRAM -pbss=RAM \
  -pidata=CODE,irdata=CODE,ibigdata=CODE,ifardata=CODE -prparam=COMRAM \
  C:\Users\floyd\AppData\Local\Temp\xcAs8j0.o \
  dist/default/production\FINALPROJECT.X.production.o 

Object code version is 3.11

Machine type is 18F4520



                Name                               Link     Load   Length Selector   Space Scale
C:\Users\floyd\AppData\Local\Temp\xcAs8j0.o
                idloc                            200000   200000        8        0       5
                config                           300000   300000        E        0       4
                init                                  0        0        4        0       0
dist/default/production\FINALPROJECT.X.production.o
                idloc                            200000   200000        8        0       5
                config                           300000   300000        E        0       4
                smallconst                          600      600       3C      300       0
                text16                              AE6      AE6       C4      31E       0
                text15                              BAA      BAA       90      31E       0
                text14                              F66      F66        E      7A9       0
                text13                              C3A      C3A       74      31E       0
                text12                              D7E      D7E       64      31E       0
                text11                              9DE      9DE      108      31E       0
                text10                              8D6      8D6      108      31E       0
                text9                               D1A      D1A       64      31E       0
                text8                               F74      F74        8      7A9       0
                text7                               EE2      EE2       2A      31E       0
                text6                               DE2      DE2       5C      31E       0
                text5                               EB8      EB8       2A      31E       0
                text4                               E3E      E3E       50      31E       0
                text3                               F52      F52       14      7A9       0
                text2                               F0C      F0C       26      31E       0
                text1                               CAE      CAE       6C      31E       0
                text0                               63C      63C      29A      31E       0
                cstackCOMRAM                          1        1       49        1       1
                dataCOMRAM                           4A       4A       1F        1       1
                cinit                               E8E      E8E       2A      31E       0
                idataCOMRAM                         F32      F32       1F      31E       0

TOTAL           Name                               Link     Load   Length     Space
        CLASS   STACK          

        CLASS   CODE           
                init                                  0        0        4         0
                text16                              AE6      AE6       C4         0
                text15                              BAA      BAA       90         0
                text14                              F66      F66        E         0
                text13                              C3A      C3A       74         0
                text12                              D7E      D7E       64         0
                text11                              9DE      9DE      108         0
                text10                              8D6      8D6      108         0
                text9                               D1A      D1A       64         0
                text8                               F74      F74        8         0
                text7                               EE2      EE2       2A         0
                text6                               DE2      DE2       5C         0
                text5                               EB8      EB8       2A         0
                text4                               E3E      E3E       50         0
                text3                               F52      F52       14         0
                text2                               F0C      F0C       26         0
                text1                               CAE      CAE       6C         0
                text0                               63C      63C      29A         0
                cinit                               E8E      E8E       2A         0
                idataCOMRAM                         F32      F32       1F         0

        CLASS   CONST          

        CLASS   SMALLCONST     
                smallconst                          600      600       3C         0

        CLASS   MEDIUMCONST    

        CLASS   COMRAM         
                cstackCOMRAM                          1        1       49         1
                dataCOMRAM                           4A       4A       1F         1

        CLASS   ABS1           

        CLASS   BIGRAM         

        CLASS   RAM            

        CLASS   BANK0          

        CLASS   BANK1          

        CLASS   BANK2          

        CLASS   BANK3          

        CLASS   BANK4          

        CLASS   BANK5          

        CLASS   SFR            

        CLASS   CONFIG         
                config                           300000   300000        E         4

        CLASS   IDLOC          
                idloc                            200000   200000        8         5

        CLASS   EEDATA         

        CLASS   FARRAM         



SEGMENTS        Name                           Load    Length   Top    Selector   Space  Class

                reset_vec                      000000  000004  000004         0       0  CODE    
                cstackCOMRAM                   000001  000068  000069         1       1  COMRAM  
                smallconst                     000600  00003C  00063C       300       0  SMALLCON
                text0                          00063C  000915  000F51       31E       0  CODE    
                text3                          000F52  00002A  000F7C       7A9       0  CODE    


UNUSED ADDRESS RANGES

        Name                Unused          Largest block    Delta
        BANK0            000080-0000FF               80
        BANK1            000100-0001FF              100
        BANK2            000200-0002FF              100
        BANK3            000300-0003FF              100
        BANK4            000400-0004FF              100
        BANK5            000500-0005FF              100
        BIGRAM           000069-0005FF              597
        CODE             000004-0005FF              5FC
                         000F51-000F51                1
                         000F7C-007FFF             7084
        COMRAM           000069-00007F               17
        CONST            000004-0005FF              5FC
                         000F51-000F51                1
                         000F7C-007FFF             7084
        EEDATA           F00000-F000FF              100
        MEDIUMCONST      000F51-000F51                1
                         000F7C-007FFF             7084
        RAM              000080-0005FF              100
        SFR              000F80-000FFF               80
        SMALLCONST       000F51-000F51                1
                         000F7C-007FFF              100
        STACK            000080-0005FF              580

                                  Symbol Table

?___awdiv                cstackCOMRAM 000001
?___lwdiv                cstackCOMRAM 00000E
?___lwmod                cstackCOMRAM 000001
?___wmul                 cstackCOMRAM 000008
?_adc_amostra            cstackCOMRAM 000001
_ADCON0                  (abs)        000FC2
_ADCON0bits              (abs)        000FC2
_ADCON1                  (abs)        000FC1
_ADCON2                  (abs)        000FC0
_ADRESH                  (abs)        000FC4
_ADRESL                  (abs)        000FC3
_PORTA                   (abs)        000F80
_PORTB                   (abs)        000F81
_PORTBbits               (abs)        000F81
_PORTC                   (abs)        000F82
_PORTCbits               (abs)        000F82
_PORTD                   (abs)        000F83
_PORTE                   (abs)        000F84
_PORTEbits               (abs)        000F84
_TRISA                   (abs)        000F92
_TRISB                   (abs)        000F93
_TRISC                   (abs)        000F94
_TRISCbits               (abs)        000F94
_TRISD                   (abs)        000F95
_TRISE                   (abs)        000F96
__HRAM                   (abs)        000000
__Habs1                  abs1         000000
__Hbank0                 bank0        000000
__Hbank1                 bank1        000000
__Hbank2                 bank2        000000
__Hbank3                 bank3        000000
__Hbank4                 bank4        000000
__Hbank5                 bank5        000000
__Hbigbss                bigbss       000000
__Hbigdata               bigdata      000000
__Hbigram                bigram       000000
__Hbss                   bss          000000
__Hcinit                 cinit        000000
__Hclrtext               clrtext      000000
__Hcomram                comram       000000
__Hconfig                config       30000E
__Hconst                 const        000000
__HcstackCOMRAM          cstackCOMRAM 000000
__Hdata                  data         000000
__HdataCOMRAM            dataCOMRAM   000000
__Heeprom_data           eeprom_data  000000
__Hfarbss                farbss       000000
__Hfardata               fardata      000000
__Hibigdata              ibigdata     000000
__Hidata                 idata        000000
__HidataCOMRAM           idataCOMRAM  000000
__Hidloc                 idloc        200008
__Hifardata              ifardata     000000
__Hinit                  init         000004
__Hintcode               intcode      000000
__Hintcode_body          intcode_body 000000
__Hintcodelo             intcodelo    000000
__Hintentry              intentry     000000
__Hintret                intret       000000
__Hintsave_regs          intsave_regs 000000
__Hirdata                irdata       000000
__Hmediumconst           mediumconst  000000
__HnvFARRAM              nvFARRAM     000000
__Hnvbit                 nvbit        000000
__Hnvrram                nvrram       000000
__Hparam                 rparam       000000
__Hpowerup               powerup      000000
__Hram                   ram          000000
__Hramtop                ramtop       000600
__Hrbit                  rbit         000000
__Hrbss                  rbss         000000
__Hrdata                 rdata        000000
__Hreset_vec             reset_vec    000000
__Hrparam                rparam       000000
__Hsfr                   sfr          000000
__Hsmallconst            smallconst   00063C
__Hspace_0               (abs)        000F7C
__Hspace_1               (abs)        000069
__Hspace_2               (abs)        000000
__Hspace_4               (abs)        60000E
__Hstack                 stack        000000
__Hstruct                struct       000000
__Htemp                  temp         000000
__Htext                  text         000000
__Htext0                 text0        000000
__Htext1                 text1        000000
__Htext10                text10       000000
__Htext11                text11       000000
__Htext12                text12       000000
__Htext13                text13       000000
__Htext14                text14       000000
__Htext15                text15       000000
__Htext16                text16       000000
__Htext2                 text2        000000
__Htext3                 text3        000000
__Htext4                 text4        000000
__Htext5                 text5        000000
__Htext6                 text6        000000
__Htext7                 text7        000000
__Htext8                 text8        000000
__Htext9                 text9        000000
__LRAM                   (abs)        000001
__Labs1                  abs1         000000
__Lbank0                 bank0        000000
__Lbank1                 bank1        000000
__Lbank2                 bank2        000000
__Lbank3                 bank3        000000
__Lbank4                 bank4        000000
__Lbank5                 bank5        000000
__Lbigbss                bigbss       000000
__Lbigdata               bigdata      000000
__Lbigram                bigram       000000
__Lbss                   bss          000000
__Lcinit                 cinit        000000
__Lclrtext               clrtext      000000
__Lcomram                comram       000000
__Lconfig                config       000000
__Lconst                 const        000000
__LcstackCOMRAM          cstackCOMRAM 000000
__Ldata                  data         000000
__LdataCOMRAM            dataCOMRAM   000000
__Leeprom_data           eeprom_data  000000
__Lfarbss                farbss       000000
__Lfardata               fardata      000000
__Libigdata              ibigdata     000000
__Lidata                 idata        000000
__LidataCOMRAM           idataCOMRAM  000000
__Lidloc                 idloc        000000
__Lifardata              ifardata     000000
__Linit                  init         000000
__Lintcode               intcode      000000
__Lintcode_body          intcode_body 000000
__Lintcodelo             intcodelo    000000
__Lintentry              intentry     000000
__Lintret                intret       000000
__Lintsave_regs          intsave_regs 000000
__Lirdata                irdata       000000
__Lmediumconst           mediumconst  000000
__LnvFARRAM              nvFARRAM     000000
__Lnvbit                 nvbit        000000
__Lnvrram                nvrram       000000
__Lparam                 rparam       000000
__Lpowerup               powerup      000000
__Lram                   ram          000000
__Lramtop                ramtop       000600
__Lrbit                  rbit         000000
__Lrbss                  rbss         000000
__Lrdata                 rdata        000000
__Lreset_vec             reset_vec    000000
__Lrparam                rparam       000000
__Lsfr                   sfr          000000
__Lsmallconst            smallconst   000600
__Lspace_0               (abs)        000000
__Lspace_1               (abs)        000000
__Lspace_2               (abs)        000000
__Lspace_4               (abs)        000000
__Lstack                 stack        000000
__Lstruct                struct       000000
__Ltemp                  temp         000000
__Ltext                  text         000000
__Ltext0                 text0        000000
__Ltext1                 text1        000000
__Ltext10                text10       000000
__Ltext11                text11       000000
__Ltext12                text12       000000
__Ltext13                text13       000000
__Ltext14                text14       000000
__Ltext15                text15       000000
__Ltext16                text16       000000
__Ltext2                 text2        000000
__Ltext3                 text3        000000
__Ltext4                 text4        000000
__Ltext5                 text5        000000
__Ltext6                 text6        000000
__Ltext7                 text7        000000
__Ltext8                 text8        000000
__Ltext9                 text9        000000
__S0                     (abs)        000F7C
__S1                     (abs)        000069
__S2                     (abs)        000000
__S4                     (abs)        000000
__S5                     (abs)        000000
___awdiv                 text16       000AE6
___awdiv@counter         cstackCOMRAM 000005
___awdiv@dividend        cstackCOMRAM 000001
___awdiv@divisor         cstackCOMRAM 000003
___awdiv@quotient        cstackCOMRAM 000007
___awdiv@sign            cstackCOMRAM 000006
___inthi_sp              stack        000000
___intlo_sp              stack        000000
___lwdiv                 text13       000C3A
___lwdiv@counter         cstackCOMRAM 000014
___lwdiv@dividend        cstackCOMRAM 00000E
___lwdiv@divisor         cstackCOMRAM 000010
___lwdiv@quotient        cstackCOMRAM 000012
___lwmod                 text12       000D7E
___lwmod@counter         cstackCOMRAM 000005
___lwmod@dividend        cstackCOMRAM 000001
___lwmod@divisor         cstackCOMRAM 000003
___param_bank            (abs)        000000
___rparam_used           (abs)        000001
___sp                    stack        000000
___wmul                  text2        000F0C
___wmul@multiplicand     cstackCOMRAM 00000A
___wmul@multiplier       cstackCOMRAM 000008
___wmul@product          cstackCOMRAM 00000C
__accesstop              (abs)        000080
__activetblptr           (abs)        000002
__end_of___awdiv         text16       000BAA
__end_of___lwdiv         text13       000CAE
__end_of___lwmod         text12       000DE2
__end_of___wmul          text2        000F32
__end_of__initialization cinit        000EAE
__end_of_adc_amostra     text15       000C3A
__end_of_adc_init        text14       000F74
__end_of_atraso_ms       text9        000D7E
__end_of_itoa            text11       000AE6
__end_of_itoa1           text10       0009DE
__end_of_lcd_cmd         text7        000F0C
__end_of_lcd_dat         text5        000EE2
__end_of_lcd_init        text6        000E3E
__end_of_lcd_str         text4        000E8E
__end_of_lcd_wr          text8        000F7C
__end_of_main            text0        0008D6
__end_of_pwmInit         text3        000F66
__end_of_pwmSet1         text1        000D1A
__initialization         cinit        000E8E
__mediumconst            mediumconst  000000
__pcinit                 cinit        000E8E
__pcstackCOMRAM          cstackCOMRAM 000001
__pdataCOMRAM            dataCOMRAM   00004A
__pidataCOMRAM           idataCOMRAM  000F32
__psmallconst            smallconst   000600
__ptext0                 text0        00063C
__ptext1                 text1        000CAE
__ptext10                text10       0008D6
__ptext11                text11       0009DE
__ptext12                text12       000D7E
__ptext13                text13       000C3A
__ptext14                text14       000F66
__ptext15                text15       000BAA
__ptext16                text16       000AE6
__ptext2                 text2        000F0C
__ptext3                 text3        000F52
__ptext4                 text4        000E3E
__ptext5                 text5        000EB8
__ptext6                 text6        000DE2
__ptext7                 text7        000EE2
__ptext8                 text8        000F74
__ptext9                 text9        000D1A
__ramtop                 ramtop       000600
__size_of___awdiv        (abs)        000000
__size_of___lwdiv        (abs)        000000
__size_of___lwmod        (abs)        000000
__size_of___wmul         (abs)        000000
__size_of_adc_amostra    (abs)        000000
__size_of_adc_init       (abs)        000000
__size_of_atraso_ms      (abs)        000000
__size_of_itoa           (abs)        000000
__size_of_itoa1          (abs)        000000
__size_of_lcd_cmd        (abs)        000000
__size_of_lcd_dat        (abs)        000000
__size_of_lcd_init       (abs)        000000
__size_of_lcd_str        (abs)        000000
__size_of_lcd_wr         (abs)        000000
__size_of_main           (abs)        000000
__size_of_pwmInit        (abs)        000000
__size_of_pwmSet1        (abs)        000000
__smallconst             smallconst   000600
_adc_amostra             text15       000BAA
_adc_init                text14       000F66
_atraso_ms               text9        000D1A
_itoa                    text11       0009DE
_itoa1                   text10       0008D6
_lcd_cmd                 text7        000EE2
_lcd_dat                 text5        000EB8
_lcd_init                text6        000DE2
_lcd_str                 text4        000E3E
_lcd_wr                  text8        000F74
_main                    text0        00063C
_pwmInit                 text3        000F52
_pwmSet1                 text1        000CAE
adc_amostra@canal        cstackCOMRAM 000007
atraso_ms@i              cstackCOMRAM 000003
atraso_ms@j              cstackCOMRAM 000005
atraso_ms@k              cstackCOMRAM 000006
atraso_ms@valor          cstackCOMRAM 000001
end_of_initialization    cinit        000EAE
intlevel0                text         000000
intlevel1                text         000000
intlevel2                text         000000
intlevel3                text         000000
isa$std                  (abs)        000001
isa$xinst                (abs)        000000
itoa1@str1               cstackCOMRAM 000017
itoa1@val1               cstackCOMRAM 000015
itoa@str                 cstackCOMRAM 000017
itoa@val                 cstackCOMRAM 000015
lcd_cmd@val              cstackCOMRAM 000007
lcd_dat@val              cstackCOMRAM 000007
lcd_str@i                cstackCOMRAM 00000C
lcd_str@str              cstackCOMRAM 000008
lcd_wr@val               cstackCOMRAM 000001
main@F2568               dataCOMRAM   000060
main@F2570               dataCOMRAM   00004A
main@F2572               dataCOMRAM   000056
main@mediaTemp           cstackCOMRAM 000049
main@str                 cstackCOMRAM 00003F
main@str1                cstackCOMRAM 000039
main@temp1               cstackCOMRAM 000047
main@temp2               cstackCOMRAM 000048
main@text6               cstackCOMRAM 000030
main@text7               cstackCOMRAM 00001A
main@text8               cstackCOMRAM 000026
main@tmp1                cstackCOMRAM 000045
main@tmp2                cstackCOMRAM 000046
pwmSet1@porcento         cstackCOMRAM 000017
pwmSet1@val              cstackCOMRAM 000018
stackhi                  (abs)        0005FF
stacklo                  (abs)        000080
start                    init         000000
start_initialization     cinit        000E8E


MODULE INFORMATION

Module		Function		Class		Link	Load	Size
C:\Program Files\Microchip\xc8\v2.32\pic\sources\c99\common\awdiv.c
		___awdiv       		CODE           	0AE6	0000	196

C:\Program Files\Microchip\xc8\v2.32\pic\sources\c99\common\awdiv.c estimated size: 196

pwm.c
		_pwmInit       		CODE           	0F52	0000	20
		_pwmSet1       		CODE           	0CAE	0000	108

pwm.c estimated size: 128

C:\Program Files\Microchip\xc8\v2.32\pic\sources\c99\common\lwmod.c
		___lwmod       		CODE           	0D7E	0000	100

C:\Program Files\Microchip\xc8\v2.32\pic\sources\c99\common\lwmod.c estimated size: 100

C:\Program Files\Microchip\xc8\v2.32\pic\sources\c99\common\Umul16.c
		___wmul        		CODE           	0F0C	0000	38

C:\Program Files\Microchip\xc8\v2.32\pic\sources\c99\common\Umul16.c estimated size: 38

atraso.c
		_atraso_ms     		CODE           	0D1A	0000	100

atraso.c estimated size: 100

adc.c
		_adc_amostra   		CODE           	0BAA	0000	144
		_adc_init      		CODE           	0F66	0000	14

adc.c estimated size: 158

shared
		__initialization		CODE           	0E8E	0000	32

shared estimated size: 32

C:\Program Files\Microchip\xc8\v2.32\pic\sources\c99\common\lwdiv.c
		___lwdiv       		CODE           	0C3A	0000	116

C:\Program Files\Microchip\xc8\v2.32\pic\sources\c99\common\lwdiv.c estimated size: 116

lcd.c
		_lcd_cmd       		CODE           	0EE2	0000	42
		_lcd_dat       		CODE           	0EB8	0000	42
		_lcd_wr        		CODE           	0F74	0000	8
		_lcd_str       		CODE           	0E3E	0000	80
		_lcd_init      		CODE           	0DE2	0000	92

lcd.c estimated size: 264

main.c
		_itoa1         		CODE           	08D6	0000	264
		_main          		CODE           	063C	0000	666
		_itoa          		CODE           	09DE	0000	264

main.c estimated size: 1194

